// Jest Snapshot v1, https://goo.gl/fbAQLP

exports[`<Actor /> component renders correctly 1`] = `
ShallowWrapper {
  Symbol(enzyme.__root__): [Circular],
  Symbol(enzyme.__unrendered__): <Actor
    match={
      Object {
        "params": Object {
          "baseId": 1,
        },
      }
    }
  />,
  Symbol(enzyme.__renderer__): Object {
    "batchedUpdates": [Function],
    "checkPropTypes": [Function],
    "getNode": [Function],
    "render": [Function],
    "simulateError": [Function],
    "simulateEvent": [Function],
    "unmount": [Function],
  },
  Symbol(enzyme.__node__): Object {
    "instance": null,
    "key": undefined,
    "nodeType": "host",
    "props": Object {
      "children": Array [
        <WithStyles(Typography)
          variant="h2"
        >
          ACTOR INFO
        </WithStyles(Typography)>,
        <div>
          <WithStyles(List)>
            <WithStyles(ListItemText)>
              First Name: 
              
            </WithStyles(ListItemText)>
            <WithStyles(ListItemText)>
              Last Name: 
              
            </WithStyles(ListItemText)>
            <WithStyles(ListItemText)>
              Gender: 
              
            </WithStyles(ListItemText)>
            <WithStyles(Typography)
              variant="h4"
            >
              Movies
            </WithStyles(Typography)>
            <WithStyles(List) />
          </WithStyles(List)>
        </div>,
      ],
    },
    "ref": null,
    "rendered": Array [
      Object {
        "instance": null,
        "key": undefined,
        "nodeType": "class",
        "props": Object {
          "children": "ACTOR INFO",
          "variant": "h2",
        },
        "ref": null,
        "rendered": "ACTOR INFO",
        "type": [Function],
      },
      Object {
        "instance": null,
        "key": undefined,
        "nodeType": "host",
        "props": Object {
          "children": <WithStyles(List)>
            <WithStyles(ListItemText)>
              First Name: 
              
            </WithStyles(ListItemText)>
            <WithStyles(ListItemText)>
              Last Name: 
              
            </WithStyles(ListItemText)>
            <WithStyles(ListItemText)>
              Gender: 
              
            </WithStyles(ListItemText)>
            <WithStyles(Typography)
              variant="h4"
            >
              Movies
            </WithStyles(Typography)>
            <WithStyles(List) />
          </WithStyles(List)>,
        },
        "ref": null,
        "rendered": Object {
          "instance": null,
          "key": undefined,
          "nodeType": "class",
          "props": Object {
            "children": Array [
              <WithStyles(ListItemText)>
                First Name: 
                
              </WithStyles(ListItemText)>,
              <WithStyles(ListItemText)>
                Last Name: 
                
              </WithStyles(ListItemText)>,
              <WithStyles(ListItemText)>
                Gender: 
                
              </WithStyles(ListItemText)>,
              <WithStyles(Typography)
                variant="h4"
              >
                Movies
              </WithStyles(Typography)>,
              <WithStyles(List) />,
            ],
          },
          "ref": null,
          "rendered": Array [
            Object {
              "instance": null,
              "key": undefined,
              "nodeType": "class",
              "props": Object {
                "children": Array [
                  "First Name: ",
                  "",
                ],
              },
              "ref": null,
              "rendered": Array [
                "First Name: ",
                "",
              ],
              "type": [Function],
            },
            Object {
              "instance": null,
              "key": undefined,
              "nodeType": "class",
              "props": Object {
                "children": Array [
                  "Last Name: ",
                  "",
                ],
              },
              "ref": null,
              "rendered": Array [
                "Last Name: ",
                "",
              ],
              "type": [Function],
            },
            Object {
              "instance": null,
              "key": undefined,
              "nodeType": "class",
              "props": Object {
                "children": Array [
                  "Gender: ",
                  "",
                ],
              },
              "ref": null,
              "rendered": Array [
                "Gender: ",
                "",
              ],
              "type": [Function],
            },
            Object {
              "instance": null,
              "key": undefined,
              "nodeType": "class",
              "props": Object {
                "children": "Movies",
                "variant": "h4",
              },
              "ref": null,
              "rendered": "Movies",
              "type": [Function],
            },
            Object {
              "instance": null,
              "key": undefined,
              "nodeType": "class",
              "props": Object {
                "children": Array [],
              },
              "ref": null,
              "rendered": Array [],
              "type": [Function],
            },
          ],
          "type": [Function],
        },
        "type": "div",
      },
    ],
    "type": "div",
  },
  Symbol(enzyme.__nodes__): Array [
    Object {
      "instance": null,
      "key": undefined,
      "nodeType": "host",
      "props": Object {
        "children": Array [
          <WithStyles(Typography)
            variant="h2"
          >
            ACTOR INFO
          </WithStyles(Typography)>,
          <div>
            <WithStyles(List)>
              <WithStyles(ListItemText)>
                First Name: 
                
              </WithStyles(ListItemText)>
              <WithStyles(ListItemText)>
                Last Name: 
                
              </WithStyles(ListItemText)>
              <WithStyles(ListItemText)>
                Gender: 
                
              </WithStyles(ListItemText)>
              <WithStyles(Typography)
                variant="h4"
              >
                Movies
              </WithStyles(Typography)>
              <WithStyles(List) />
            </WithStyles(List)>
          </div>,
        ],
      },
      "ref": null,
      "rendered": Array [
        Object {
          "instance": null,
          "key": undefined,
          "nodeType": "class",
          "props": Object {
            "children": "ACTOR INFO",
            "variant": "h2",
          },
          "ref": null,
          "rendered": "ACTOR INFO",
          "type": [Function],
        },
        Object {
          "instance": null,
          "key": undefined,
          "nodeType": "host",
          "props": Object {
            "children": <WithStyles(List)>
              <WithStyles(ListItemText)>
                First Name: 
                
              </WithStyles(ListItemText)>
              <WithStyles(ListItemText)>
                Last Name: 
                
              </WithStyles(ListItemText)>
              <WithStyles(ListItemText)>
                Gender: 
                
              </WithStyles(ListItemText)>
              <WithStyles(Typography)
                variant="h4"
              >
                Movies
              </WithStyles(Typography)>
              <WithStyles(List) />
            </WithStyles(List)>,
          },
          "ref": null,
          "rendered": Object {
            "instance": null,
            "key": undefined,
            "nodeType": "class",
            "props": Object {
              "children": Array [
                <WithStyles(ListItemText)>
                  First Name: 
                  
                </WithStyles(ListItemText)>,
                <WithStyles(ListItemText)>
                  Last Name: 
                  
                </WithStyles(ListItemText)>,
                <WithStyles(ListItemText)>
                  Gender: 
                  
                </WithStyles(ListItemText)>,
                <WithStyles(Typography)
                  variant="h4"
                >
                  Movies
                </WithStyles(Typography)>,
                <WithStyles(List) />,
              ],
            },
            "ref": null,
            "rendered": Array [
              Object {
                "instance": null,
                "key": undefined,
                "nodeType": "class",
                "props": Object {
                  "children": Array [
                    "First Name: ",
                    "",
                  ],
                },
                "ref": null,
                "rendered": Array [
                  "First Name: ",
                  "",
                ],
                "type": [Function],
              },
              Object {
                "instance": null,
                "key": undefined,
                "nodeType": "class",
                "props": Object {
                  "children": Array [
                    "Last Name: ",
                    "",
                  ],
                },
                "ref": null,
                "rendered": Array [
                  "Last Name: ",
                  "",
                ],
                "type": [Function],
              },
              Object {
                "instance": null,
                "key": undefined,
                "nodeType": "class",
                "props": Object {
                  "children": Array [
                    "Gender: ",
                    "",
                  ],
                },
                "ref": null,
                "rendered": Array [
                  "Gender: ",
                  "",
                ],
                "type": [Function],
              },
              Object {
                "instance": null,
                "key": undefined,
                "nodeType": "class",
                "props": Object {
                  "children": "Movies",
                  "variant": "h4",
                },
                "ref": null,
                "rendered": "Movies",
                "type": [Function],
              },
              Object {
                "instance": null,
                "key": undefined,
                "nodeType": "class",
                "props": Object {
                  "children": Array [],
                },
                "ref": null,
                "rendered": Array [],
                "type": [Function],
              },
            ],
            "type": [Function],
          },
          "type": "div",
        },
      ],
      "type": "div",
    },
  ],
  Symbol(enzyme.__options__): Object {
    "adapter": ReactSixteenAdapter {
      "options": Object {
        "enableComponentDidUpdateOnSetState": true,
        "legacyContextMode": "parent",
        "lifecycles": Object {
          "componentDidUpdate": Object {
            "onSetState": true,
          },
          "getChildContext": Object {
            "calledByRenderer": false,
          },
          "getDerivedStateFromProps": true,
          "getSnapshotBeforeUpdate": true,
          "setState": Object {
            "skipsComponentDidUpdateOnNullish": true,
          },
        },
      },
    },
  },
}
`;
